{
    "quantity": [
        "The selected quantity is invalid."
    ]
}
