errors:
    unit_price: ['The unit price field is required.']
