errors:
    quantity: ['Only 5 units available.']
