{
    "movements": {
        "data": [
            {
                "id": 1,
                "quantity": 1,
                "unitPrice": 1000,
                "remainingQuantity": 1,
                "createdAt": "2022-10-11T21:17:56.000000Z"
            },
            {
                "id": 2,
                "quantity": 2,
                "unitPrice": 2000,
                "remainingQuantity": 2,
                "createdAt": "2022-10-11T21:17:56.000000Z"
            },
            {
                "id": 3,
                "quantity": 2,
                "unitPrice": 1500,
                "remainingQuantity": 2,
                "createdAt": "2022-10-11T21:17:56.000000Z"
            }
        ]
    }
}
